// Jest Snapshot v1, https://goo.gl/fbAQLP

exports[`keystone prisma exits with the same code as the prisma child process exits with 1`] = `
"? Generated GraphQL and Prisma schemas

! Unknown command "bad-thing"

?  Prisma is a modern DB toolkit to query, migrate and model your database (https://prisma.io)

Usage

  $ prisma [command]

Commands

            init   Set up Prisma for your app
        generate   Generate artifacts (e.g. Prisma Client)
              db   Manage your database schema and lifecycle
         migrate   Migrate your database
          studio   Browse your data with Prisma Studio
        validate   Validate your Prisma schema
          format   Format your Prisma schema
         version   Displays Prisma version info
           debug   Displays Prisma debug info

Flags

     --preview-feature   Run Preview Prisma commands
     --help, -h          Show additional information about a command

Examples

  Set up a new Prisma project
  $ prisma init

  Generate artifacts (e.g. Prisma Client)
  $ prisma generate

  Browse your data
  $ prisma studio

  Create migrations from your Prisma schema, apply them to the database, generate artifacts (e.g. Prisma Client)
  $ prisma migrate dev

  Pull the schema from an existing database, updating the Prisma schema
  $ prisma db pull

  Push the Prisma schema state to the database
  $ prisma db push

  Validate your Prisma schema
  $ prisma validate

  Format your Prisma schema
  $ prisma format

  Display Prisma version info
  $ prisma version

  Display Prisma debug info
  $ prisma debug
"
`;

exports[`keystone prisma uses the db url in the keystone config 1`] = `
"? Generated GraphQL and Prisma schemas
Prisma schema loaded from schema.prisma
Datasource "sqlite": SQLite database "app.db" at "file:./app.db"
Error: P1003: Database app.db does not exist at ./app.db"
`;
